// Jest Snapshot v1, https://goo.gl/fbAQLP

exports[`Header matches the snapshot 1`] = `
<div>
  <div>
    <OptionButton
      activeOption={1}
      feeling="chill"
      onOptionChange={[Function]}
    />
    <OptionButton
      activeOption={1}
      feeling="productive"
      onOptionChange={[Function]}
    />
  </div>
  <div>
    <OptionButton
      activeOption={1}
      feeling="stay"
      onOptionChange={[Function]}
    />
    <OptionButton
      activeOption={1}
      feeling="go"
      onOptionChange={[Function]}
    />
  </div>
</div>
`;
